16:54:40 **** Auto Build of configuration Debug for project Blink ****
make all 
Building file: ../src/source.c
Invoking: MicroBlaze gcc compiler
mb-gcc -Wall -O0 -g3 -c -fmessage-length=0 -MT"src/source.o" -I../../Blink_bsp/microblaze_0/include -mlittle-endian -mcpu=v10.0 -mxl-soft-mul -Wl,--no-relax -MMD -MP -MF"src/source.d" -MT"src/source.o" -o "src/source.o" "../src/source.c"
Finished building: ../src/source.c
 
Building target: Blink.elf
Invoking: MicroBlaze gcc linker
mb-gcc -Wl,-T -Wl,../src/lscript.ld -L../../Blink_bsp/microblaze_0/lib -mlittle-endian -mcpu=v10.0 -mxl-soft-mul -Wl,--no-relax -o "Blink.elf" ./src/source.o   -Wl,--start-group,-lxil,-lgcc,-lc,--end-group
Finished building target: Blink.elf
 
Invoking: MicroBlaze Print Size
mb-size Blink.elf  |tee "Blink.elf.size"
   text	   data	    bss	    dec	    hex	filename
   6904	    312	   3136	  10352	   2870	Blink.elf
Finished building: Blink.elf.size
 

16:54:40 Build Finished (took 441ms)

